Archive member included to satisfy reference by file (symbol)

c:/program files (x86)/atollic/truestudio for stm32 9.3.0/armtools/bin/../lib/gcc/arm-atollic-eabi/6.3.1/../../../../arm-atollic-eabi/lib/armv7e-m/fpu\libc_nano.a(lib_a-errno.o)
                              Src\syscalls.o (__errno)
c:/program files (x86)/atollic/truestudio for stm32 9.3.0/armtools/bin/../lib/gcc/arm-atollic-eabi/6.3.1/../../../../arm-atollic-eabi/lib/armv7e-m/fpu\libc_nano.a(lib_a-impure.o)
                              c:/program files (x86)/atollic/truestudio for stm32 9.3.0/armtools/bin/../lib/gcc/arm-atollic-eabi/6.3.1/../../../../arm-atollic-eabi/lib/armv7e-m/fpu\libc_nano.a(lib_a-errno.o) (_impure_ptr)
c:/program files (x86)/atollic/truestudio for stm32 9.3.0/armtools/bin/../lib/gcc/arm-atollic-eabi/6.3.1/../../../../arm-atollic-eabi/lib/armv7e-m/fpu\libc_nano.a(lib_a-init.o)
                              startup\startup_stm32f411xe.o (__libc_init_array)
c:/program files (x86)/atollic/truestudio for stm32 9.3.0/armtools/bin/../lib/gcc/arm-atollic-eabi/6.3.1/../../../../arm-atollic-eabi/lib/armv7e-m/fpu\libc_nano.a(lib_a-memcpy-stub.o)
                              Middlewares\ST\BlueNRG-MS\hci\controller\bluenrg_gap_aci.o (memcpy)
c:/program files (x86)/atollic/truestudio for stm32 9.3.0/armtools/bin/../lib/gcc/arm-atollic-eabi/6.3.1/../../../../arm-atollic-eabi/lib/armv7e-m/fpu\libc_nano.a(lib_a-memset.o)
                              Middlewares\ST\BlueNRG-MS\hci\controller\bluenrg_gap_aci.o (memset)
c:/program files (x86)/atollic/truestudio for stm32 9.3.0/armtools/bin/../lib/gcc/arm-atollic-eabi/6.3.1/armv7e-m/fpu\libgcc.a(_aeabi_uldivmod.o)
                              Drivers\STM32F4xx_HAL_Driver\Src\stm32f4xx_hal_rcc.o (__aeabi_uldivmod)
c:/program files (x86)/atollic/truestudio for stm32 9.3.0/armtools/bin/../lib/gcc/arm-atollic-eabi/6.3.1/armv7e-m/fpu\libgcc.a(_udivmoddi4.o)
                              c:/program files (x86)/atollic/truestudio for stm32 9.3.0/armtools/bin/../lib/gcc/arm-atollic-eabi/6.3.1/armv7e-m/fpu\libgcc.a(_aeabi_uldivmod.o) (__udivmoddi4)
c:/program files (x86)/atollic/truestudio for stm32 9.3.0/armtools/bin/../lib/gcc/arm-atollic-eabi/6.3.1/armv7e-m/fpu\libgcc.a(_dvmd_tls.o)
                              c:/program files (x86)/atollic/truestudio for stm32 9.3.0/armtools/bin/../lib/gcc/arm-atollic-eabi/6.3.1/armv7e-m/fpu\libgcc.a(_aeabi_uldivmod.o) (__aeabi_ldiv0)

Allocating common symbols
Common symbol       size              file

hexti0              0x8               Src\hci_tl_interface.o
healthServHandle    0x2               Src\services.o
weightCharHandle    0x2               Src\services.o
weatherServHandle   0x2               Src\services.o
hciReadPktPool      0x8               Middlewares\ST\BlueNRG-MS\hci\hci_tl_patterns\Basic\hci_tl.o
uwTick              0x4               Drivers\STM32F4xx_HAL_Driver\Src\stm32f4xx_hal.o
pFlash              0x20              Drivers\STM32F4xx_HAL_Driver\Src\stm32f4xx_hal_flash.o
tempCharHandle      0x2               Src\services.o
tempDescHandle      0x2               Src\services.o
humCharHandle       0x2               Src\services.o
hspi1               0x58              Src\stm32f4xx_nucleo_bus.o
huart2              0x40              Src\usart.o
bpmCharHandle       0x2               Src\services.o
hciReadPktRxQueue   0x8               Middlewares\ST\BlueNRG-MS\hci\hci_tl_patterns\Basic\hci_tl.o

Discarded input sections

 .text          0x00000000        0x0 c:/program files (x86)/atollic/truestudio for stm32 9.3.0/armtools/bin/../lib/gcc/arm-atollic-eabi/6.3.1/armv7e-m/fpu/crti.o
 .data          0x00000000        0x0 c:/program files (x86)/atollic/truestudio for stm32 9.3.0/armtools/bin/../lib/gcc/arm-atollic-eabi/6.3.1/armv7e-m/fpu/crti.o
 .bss           0x00000000        0x0 c:/program files (x86)/atollic/truestudio for stm32 9.3.0/armtools/bin/../lib/gcc/arm-atollic-eabi/6.3.1/armv7e-m/fpu/crti.o
 .data          0x00000000        0x4 c:/program files (x86)/atollic/truestudio for stm32 9.3.0/armtools/bin/../lib/gcc/arm-atollic-eabi/6.3.1/armv7e-m/fpu/crtbegin.o
 .text          0x00000000        0x0 Drivers\STM32F4xx_HAL_Driver\Src\stm32f4xx_hal.o
 .data          0x00000000        0x0 Drivers\STM32F4xx_HAL_Driver\Src\stm32f4xx_hal.o
 .bss           0x00000000        0x0 Drivers\STM32F4xx_HAL_Driver\Src\stm32f4xx_hal.o
 .text.HAL_MspInit
                0x00000000        0x2 Drivers\STM32F4xx_HAL_Driver\Src\stm32f4xx_hal.o
 .text.HAL_MspDeInit
                0x00000000        0x2 Drivers\STM32F4xx_HAL_Driver\Src\stm32f4xx_hal.o
 .text.HAL_DeInit
                0x00000000       0x2c Drivers\STM32F4xx_HAL_Driver\Src\stm32f4xx_hal.o
 .text.HAL_GetTickPrio
                0x00000000        0xc Drivers\STM32F4xx_HAL_Driver\Src\stm32f4xx_hal.o
 .text.HAL_SetTickFreq
                0x00000000       0x28 Drivers\STM32F4xx_HAL_Driver\Src\stm32f4xx_hal.o
 .text.HAL_GetTickFreq
[...]
Memory Configuration

Name             Origin             Length             Attributes
FLASH            0x08000000         0x00080000         xr
RAM              0x20000000         0x00020000         xrw
MEMORY_B1        0x60000000         0x00000000         xr
*default*        0x00000000         0xffffffff

Linker script and memory map

LOAD c:/program files (x86)/atollic/truestudio for stm32 9.3.0/armtools/bin/../lib/gcc/arm-atollic-eabi/6.3.1/armv7e-m/fpu/crti.o
LOAD c:/program files (x86)/atollic/truestudio for stm32 9.3.0/armtools/bin/../lib/gcc/arm-atollic-eabi/6.3.1/armv7e-m/fpu/crtbegin.o
LOAD Drivers\STM32F4xx_HAL_Driver\Src\stm32f4xx_hal.o
LOAD Drivers\STM32F4xx_HAL_Driver\Src\stm32f4xx_hal_cortex.o
LOAD Drivers\STM32F4xx_HAL_Driver\Src\stm32f4xx_hal_dma.o
LOAD Drivers\STM32F4xx_HAL_Driver\Src\stm32f4xx_hal_dma_ex.o
LOAD Drivers\STM32F4xx_HAL_Driver\Src\stm32f4xx_hal_exti.o
LOAD Drivers\STM32F4xx_HAL_Driver\Src\stm32f4xx_hal_flash.o
LOAD Drivers\STM32F4xx_HAL_Driver\Src\stm32f4xx_hal_flash_ex.o
LOAD Drivers\STM32F4xx_HAL_Driver\Src\stm32f4xx_hal_flash_ramfunc.o
LOAD Drivers\STM32F4xx_HAL_Driver\Src\stm32f4xx_hal_gpio.o
LOAD Drivers\STM32F4xx_HAL_Driver\Src\stm32f4xx_hal_pwr.o
LOAD Drivers\STM32F4xx_HAL_Driver\Src\stm32f4xx_hal_pwr_ex.o
LOAD Drivers\STM32F4xx_HAL_Driver\Src\stm32f4xx_hal_rcc.o
LOAD Drivers\STM32F4xx_HAL_Driver\Src\stm32f4xx_hal_rcc_ex.o
LOAD Drivers\STM32F4xx_HAL_Driver\Src\stm32f4xx_hal_spi.o
LOAD Drivers\STM32F4xx_HAL_Driver\Src\stm32f4xx_hal_tim.o
LOAD Drivers\STM32F4xx_HAL_Driver\Src\stm32f4xx_hal_tim_ex.o
LOAD Drivers\STM32F4xx_HAL_Driver\Src\stm32f4xx_hal_uart.o
LOAD Middlewares\ST\BlueNRG-MS\hci\controller\bluenrg_IFR.o
LOAD Middlewares\ST\BlueNRG-MS\hci\controller\bluenrg_gap_aci.o
LOAD Middlewares\ST\BlueNRG-MS\hci\controller\bluenrg_gatt_aci.o
LOAD Middlewares\ST\BlueNRG-MS\hci\controller\bluenrg_hal_aci.o
LOAD Middlewares\ST\BlueNRG-MS\hci\controller\bluenrg_l2cap_aci.o
LOAD Middlewares\ST\BlueNRG-MS\hci\controller\bluenrg_updater_aci.o
LOAD Middlewares\ST\BlueNRG-MS\hci\controller\bluenrg_utils_small.o
LOAD Middlewares\ST\BlueNRG-MS\hci\hci_le.o
LOAD Middlewares\ST\BlueNRG-MS\hci\hci_tl_patterns\Basic\hci_tl.o
LOAD Middlewares\ST\BlueNRG-MS\utils\ble_list.o
LOAD Src\app_x-cube-ble1.o
LOAD Src\gpio.o
LOAD Src\hci_tl_interface.o
LOAD Src\main.o
LOAD Src\services.o
LOAD Src\stm32f4xx_hal_msp.o
LOAD Src\stm32f4xx_it.o
LOAD Src\stm32f4xx_nucleo_bus.o
LOAD Src\sys.o
LOAD Src\syscalls.o
LOAD Src\system_stm32f4xx.o
LOAD Src\usart.o
LOAD startup\startup_stm32f411xe.o
                0x00000080                malloc_getpagesize_P = 0x80
START GROUP
LOAD c:/program files (x86)/atollic/truestudio for stm32 9.3.0/armtools/bin/../lib/gcc/arm-atollic-eabi/6.3.1/../../../../arm-atollic-eabi/lib/armv7e-m/fpu\libc_nano.a
LOAD c:/program files (x86)/atollic/truestudio for stm32 9.3.0/armtools/bin/../lib/gcc/arm-atollic-eabi/6.3.1/../../../../arm-atollic-eabi/lib/armv7e-m/fpu\libm.a
END GROUP
START GROUP
LOAD c:/program files (x86)/atollic/truestudio for stm32 9.3.0/armtools/bin/../lib/gcc/arm-atollic-eabi/6.3.1/armv7e-m/fpu\libgcc.a
LOAD c:/program files (x86)/atollic/truestudio for stm32 9.3.0/armtools/bin/../lib/gcc/arm-atollic-eabi/6.3.1/../../../../arm-atollic-eabi/lib/armv7e-m/fpu\libc_nano.a
END GROUP
START GROUP
LOAD c:/program files (x86)/atollic/truestudio for stm32 9.3.0/armtools/bin/../lib/gcc/arm-atollic-eabi/6.3.1/armv7e-m/fpu\libgcc.a
LOAD c:/program files (x86)/atollic/truestudio for stm32 9.3.0/armtools/bin/../lib/gcc/arm-atollic-eabi/6.3.1/../../../../arm-atollic-eabi/lib/armv7e-m/fpu\libc_nano.a
LOAD c:/program files (x86)/atollic/truestudio for stm32 9.3.0/armtools/bin/../lib/gcc/arm-atollic-eabi/6.3.1/../../../../arm-atollic-eabi/lib/armv7e-m/fpu\libnosys.a
END GROUP
START GROUP
LOAD c:/program files (x86)/atollic/truestudio for stm32 9.3.0/armtools/bin/../lib/gcc/arm-atollic-eabi/6.3.1/armv7e-m/fpu\libgcc.a
LOAD c:/program files (x86)/atollic/truestudio for stm32 9.3.0/armtools/bin/../lib/gcc/arm-atollic-eabi/6.3.1/../../../../arm-atollic-eabi/lib/armv7e-m/fpu\libc_nano.a
LOAD c:/program files (x86)/atollic/truestudio for stm32 9.3.0/armtools/bin/../lib/gcc/arm-atollic-eabi/6.3.1/../../../../arm-atollic-eabi/lib/armv7e-m/fpu\libnosys.a
END GROUP
LOAD c:/program files (x86)/atollic/truestudio for stm32 9.3.0/armtools/bin/../lib/gcc/arm-atollic-eabi/6.3.1/armv7e-m/fpu/crtend.o
LOAD c:/program files (x86)/atollic/truestudio for stm32 9.3.0/armtools/bin/../lib/gcc/arm-atollic-eabi/6.3.1/armv7e-m/fpu/crtn.o
                0x20020000                _estack = 0x20020000
                0x00000000                _Min_Heap_Size = 0x0
                0x00000400                _Min_Stack_Size = 0x400

.isr_vector     0x08000000      0x198
                0x08000000                . = ALIGN (0x4)
 *(.isr_vector)
 .isr_vector    0x08000000      0x198 startup\startup_stm32f411xe.o
                0x08000000                g_pfnVectors
                0x08000198                . = ALIGN (0x4)

.text           0x08000198     0x24bc
                0x08000198                . = ALIGN (0x4)
 *(.text)
 .text          0x08000198       0x40 c:/program files (x86)/atollic/truestudio for stm32 9.3.0/armtools/bin/../lib/gcc/arm-atollic-eabi/6.3.1/armv7e-m/fpu/crtbegin.o
 .text          0x080001d8       0x30 c:/program files (x86)/atollic/truestudio for stm32 9.3.0/armtools/bin/../lib/gcc/arm-atollic-eabi/6.3.1/armv7e-m/fpu\libgcc.a(_aeabi_uldivmod.o)
                0x080001d8                __aeabi_uldivmod
 .text          0x08000208      0x2dc c:/program files (x86)/atollic/truestudio for stm32 9.3.0/armtools/bin/../lib/gcc/arm-atollic-eabi/6.3.1/armv7e-m/fpu\libgcc.a(_udivmoddi4.o)
                0x08000208                __udivmoddi4
 .text          0x080004e4        0x4 c:/program files (x86)/atollic/truestudio for stm32 9.3.0/armtools/bin/../lib/gcc/arm-atollic-eabi/6.3.1/armv7e-m/fpu\libgcc.a(_dvmd_tls.o)
                0x080004e4                __aeabi_idiv0
                0x080004e4                __aeabi_ldiv0
 *(.text*)
 .text.HAL_InitTick
                0x080004e8       0x48 Drivers\STM32F4xx_HAL_Driver\Src\stm32f4xx_hal.o
                0x080004e8                HAL_InitTick
 .text.HAL_Init
                0x08000530       0x34 Drivers\STM32F4xx_HAL_Driver\Src\stm32f4xx_hal.o
                0x08000530                HAL_Init
 .text.HAL_IncTick
                0x08000564       0x18 Drivers\STM32F4xx_HAL_Driver\Src\stm32f4xx_hal.o
                0x08000564                HAL_IncTick
 .text.HAL_GetTick
                0x0800057c        0xc Drivers\STM32F4xx_HAL_Driver\Src\stm32f4xx_hal.o
                0x0800057c                HAL_GetTick
 .text.HAL_Delay
                0x08000588       0x28 Drivers\STM32F4xx_HAL_Driver\Src\stm32f4xx_hal.o
                0x08000588                HAL_Delay
 .text.HAL_NVIC_SetPriorityGrouping
                0x080005b0       0x24 Drivers\STM32F4xx_HAL_Driver\Src\stm32f4xx_hal_cortex.o
                0x080005b0                HAL_NVIC_SetPriorityGrouping
 .text.HAL_NVIC_SetPriority
                0x080005d4       0x68 Drivers\STM32F4xx_HAL_Driver\Src\stm32f4xx_hal_cortex.o
                0x080005d4                HAL_NVIC_SetPriority
 .text.HAL_NVIC_EnableIRQ
                0x0800063c       0x1c Drivers\STM32F4xx_HAL_Driver\Src\stm32f4xx_hal_cortex.o
                0x0800063c                HAL_NVIC_EnableIRQ
 .text.HAL_SYSTICK_Config
                0x08000658       0x2c Drivers\STM32F4xx_HAL_Driver\Src\stm32f4xx_hal_cortex.o
                0x08000658                HAL_SYSTICK_Config
 .text.HAL_EXTI_RegisterCallback
                0x08000684        0xc Drivers\STM32F4xx_HAL_Driver\Src\stm32f4xx_hal_exti.o
                0x08000684                HAL_EXTI_RegisterCallback
 .text.HAL_EXTI_GetHandle
                0x08000690        0xc Drivers\STM32F4xx_HAL_Driver\Src\stm32f4xx_hal_exti.o
                0x08000690                HAL_EXTI_GetHandle
 .text.HAL_EXTI_IRQHandler
                0x0800069c       0x20 Drivers\STM32F4xx_HAL_Driver\Src\stm32f4xx_hal_exti.o
                0x0800069c                HAL_EXTI_IRQHandler
 .text.HAL_GPIO_Init
                0x080006bc      0x19c Drivers\STM32F4xx_HAL_Driver\Src\stm32f4xx_hal_gpio.o
                0x080006bc                HAL_GPIO_Init
 .text.HAL_GPIO_DeInit
                0x08000858       0xec Drivers\STM32F4xx_HAL_Driver\Src\stm32f4xx_hal_gpio.o
                0x08000858                HAL_GPIO_DeInit
 .text.HAL_GPIO_ReadPin
                0x08000944        0xc Drivers\STM32F4xx_HAL_Driver\Src\stm32f4xx_hal_gpio.o
                0x08000944                HAL_GPIO_ReadPin
 .text.HAL_GPIO_WritePin
                0x08000950        0xa Drivers\STM32F4xx_HAL_Driver\Src\stm32f4xx_hal_gpio.o
                0x08000950                HAL_GPIO_WritePin
 *fill*         0x0800095a        0x2 
 .text.HAL_RCC_OscConfig
                0x0800095c      0x34c Drivers\STM32F4xx_HAL_Driver\Src\stm32f4xx_hal_rcc.o
                0x0800095c                HAL_RCC_OscConfig
 .text.HAL_RCC_GetSysClockFreq
                0x08000ca8       0x5c Drivers\STM32F4xx_HAL_Driver\Src\stm32f4xx_hal_rcc.o
                0x08000ca8                HAL_RCC_GetSysClockFreq
 .text.HAL_RCC_ClockConfig
                0x08000d04      0x138 Drivers\STM32F4xx_HAL_Driver\Src\stm32f4xx_hal_rcc.o
                0x08000d04                HAL_RCC_ClockConfig
 .text.HAL_RCC_GetPCLK1Freq
                0x08000e3c       0x20 Drivers\STM32F4xx_HAL_Driver\Src\stm32f4xx_hal_rcc.o
                0x08000e3c                HAL_RCC_GetPCLK1Freq
 .text.HAL_RCC_GetPCLK2Freq
                0x08000e5c       0x20 Drivers\STM32F4xx_HAL_Driver\Src\stm32f4xx_hal_rcc.o
                0x08000e5c                HAL_RCC_GetPCLK2Freq
 .text.SPI_WaitFlagStateUntilTimeout.constprop.9
                0x08000e7c       0x76 Drivers\STM32F4xx_HAL_Driver\Src\stm32f4xx_hal_spi.o
 *fill*         0x08000ef2        0x2 
 .text.SPI_EndRxTxTransaction
                0x08000ef4       0x5c Drivers\STM32F4xx_HAL_Driver\Src\stm32f4xx_hal_spi.o
 .text.HAL_SPI_MspInit
                0x08000f50        0x2 Drivers\STM32F4xx_HAL_Driver\Src\stm32f4xx_hal_spi.o
                0x08000f50                HAL_SPI_MspInit
 .text.HAL_SPI_Init
                0x08000f52       0x7a Drivers\STM32F4xx_HAL_Driver\Src\stm32f4xx_hal_spi.o
                0x08000f52                HAL_SPI_Init
 .text.HAL_SPI_TransmitReceive
                0x08000fcc      0x1e0 Drivers\STM32F4xx_HAL_Driver\Src\stm32f4xx_hal_spi.o
                0x08000fcc                HAL_SPI_TransmitReceive
 .text.HAL_SPI_GetState
                0x080011ac        0x6 Drivers\STM32F4xx_HAL_Driver\Src\stm32f4xx_hal_spi.o
                0x080011ac                HAL_SPI_GetState
 *fill*         0x080011b2        0x2 
 .text.UART_SetConfig
                0x080011b4       0xdc Drivers\STM32F4xx_HAL_Driver\Src\stm32f4xx_hal_uart.o
 .text.HAL_UART_Init
                0x08001290       0x5c Drivers\STM32F4xx_HAL_Driver\Src\stm32f4xx_hal_uart.o
                0x08001290                HAL_UART_Init
 .text.aci_gap_init_IDB05A1
                0x080012ec       0x7c Middlewares\ST\BlueNRG-MS\hci\controller\bluenrg_gap_aci.o
                0x080012ec                aci_gap_init_IDB05A1
 .text.aci_gap_set_discoverable
                0x08001368       0xba Middlewares\ST\BlueNRG-MS\hci\controller\bluenrg_gap_aci.o
                0x08001368                aci_gap_set_discoverable
 .text.aci_gatt_init
                0x08001422       0x3e Middlewares\ST\BlueNRG-MS\hci\controller\bluenrg_gatt_aci.o
                0x08001422                aci_gatt_init
 .text.aci_gatt_add_serv
                0x08001460       0x86 Middlewares\ST\BlueNRG-MS\hci\controller\bluenrg_gatt_aci.o
                0x08001460                aci_gatt_add_serv
 .text.aci_gatt_add_char
                0x080014e6       0xbc Middlewares\ST\BlueNRG-MS\hci\controller\bluenrg_gatt_aci.o
                0x080014e6                aci_gatt_add_char
 .text.aci_gatt_add_char_desc
                0x080015a2       0xf8 Middlewares\ST\BlueNRG-MS\hci\controller\bluenrg_gatt_aci.o
                0x080015a2                aci_gatt_add_char_desc
 .text.aci_gatt_update_char_value
                0x0800169a       0x6e Middlewares\ST\BlueNRG-MS\hci\controller\bluenrg_gatt_aci.o
                0x0800169a                aci_gatt_update_char_value
 .text.aci_gatt_allow_read
                0x08001708       0x4a Middlewares\ST\BlueNRG-MS\hci\controller\bluenrg_gatt_aci.o
                0x08001708                aci_gatt_allow_read
 .text.aci_hal_write_config_data
                0x08001752       0x64 Middlewares\ST\BlueNRG-MS\hci\controller\bluenrg_hal_aci.o
                0x08001752                aci_hal_write_config_data
 .text.hci_reset
                0x080017b6       0x3a Middlewares\ST\BlueNRG-MS\hci\hci_le.o
                0x080017b6                hci_reset
 .text.hci_le_set_scan_resp_data
                0x080017f0       0x66 Middlewares\ST\BlueNRG-MS\hci\hci_le.o
                0x080017f0                hci_le_set_scan_resp_data
 *fill*         0x08001856        0x2 
 .text.move_list.constprop.0
                0x08001858       0x28 Middlewares\ST\BlueNRG-MS\hci\hci_tl_patterns\Basic\hci_tl.o
 .text.hci_init
                0x08001880       0x54 Middlewares\ST\BlueNRG-MS\hci\hci_tl_patterns\Basic\hci_tl.o
                0x08001880                hci_init
 .text.hci_register_io_bus
                0x080018d4       0x1c Middlewares\ST\BlueNRG-MS\hci\hci_tl_patterns\Basic\hci_tl.o
                0x080018d4                hci_register_io_bus
 .text.hci_send_req
                0x080018f0      0x180 Middlewares\ST\BlueNRG-MS\hci\hci_tl_patterns\Basic\hci_tl.o
                0x080018f0                hci_send_req
 .text.hci_user_evt_proc
                0x08001a70       0x40 Middlewares\ST\BlueNRG-MS\hci\hci_tl_patterns\Basic\hci_tl.o
                0x08001a70                hci_user_evt_proc
 .text.hci_notify_asynch_evt
                0x08001ab0       0x60 Middlewares\ST\BlueNRG-MS\hci\hci_tl_patterns\Basic\hci_tl.o
                0x08001ab0                hci_notify_asynch_evt
 .text.list_init_head
                0x08001b10        0x6 Middlewares\ST\BlueNRG-MS\utils\ble_list.o
                0x08001b10                list_init_head
 .text.list_is_empty
                0x08001b16       0x14 Middlewares\ST\BlueNRG-MS\utils\ble_list.o
                0x08001b16                list_is_empty
 .text.list_insert_head
                0x08001b2a       0x18 Middlewares\ST\BlueNRG-MS\utils\ble_list.o
                0x08001b2a                list_insert_head
 .text.list_insert_tail
                0x08001b42       0x18 Middlewares\ST\BlueNRG-MS\utils\ble_list.o
                0x08001b42                list_insert_tail
 .text.list_remove_node
                0x08001b5a       0x16 Middlewares\ST\BlueNRG-MS\utils\ble_list.o
                0x08001b5a                list_remove_node
 .text.list_remove_head
                0x08001b70       0x24 Middlewares\ST\BlueNRG-MS\utils\ble_list.o
                0x08001b70                list_remove_head
 .text.list_remove_tail
                0x08001b94       0x24 Middlewares\ST\BlueNRG-MS\utils\ble_list.o
                0x08001b94                list_remove_tail
 .text.list_get_size
                0x08001bb8       0x1c Middlewares\ST\BlueNRG-MS\utils\ble_list.o
                0x08001bb8                list_get_size
 .text.MX_BlueNRG_MS_Init
                0x08001bd4       0x84 Src\app_x-cube-ble1.o
                0x08001bd4                MX_BlueNRG_MS_Init
 .text.MX_BlueNRG_MS_Process
                0x08001c58       0x4c Src\app_x-cube-ble1.o
                0x08001c58                MX_BlueNRG_MS_Process
 .text.MX_GPIO_Init
                0x08001ca4       0xb8 Src\gpio.o
                0x08001ca4                MX_GPIO_Init
 .text.HCI_TL_SPI_Init
                0x08001d5c       0x6c Src\hci_tl_interface.o
                0x08001d5c                HCI_TL_SPI_Init
 .text.HCI_TL_SPI_DeInit
                0x08001dc8       0x28 Src\hci_tl_interface.o
                0x08001dc8                HCI_TL_SPI_DeInit
 .text.HCI_TL_SPI_Reset
                0x08001df0       0x30 Src\hci_tl_interface.o
                0x08001df0                HCI_TL_SPI_Reset
 .text.HCI_TL_SPI_Receive
                0x08001e20       0x90 Src\hci_tl_interface.o
                0x08001e20                HCI_TL_SPI_Receive
 .text.HCI_TL_SPI_Send
                0x08001eb0       0x98 Src\hci_tl_interface.o
                0x08001eb0                HCI_TL_SPI_Send
 .text.hci_tl_lowlevel_isr
                0x08001f48       0x20 Src\hci_tl_interface.o
                0x08001f48                hci_tl_lowlevel_isr
 .text.hci_tl_lowlevel_init
                0x08001f68       0x6c Src\hci_tl_interface.o
                0x08001f68                hci_tl_lowlevel_init
 .text.SystemClock_Config
                0x08001fd4       0x90 Src\main.o
                0x08001fd4                SystemClock_Config
 .text.startup.main
                0x08002064       0x1c Src\main.o
                0x08002064                main
 .text.Error_Handler
                0x08002080        0x2 Src\main.o
                0x08002080                Error_Handler
 *fill*         0x08002082        0x2 
 .text.addServices
                0x08002084      0x130 Src\services.o
                0x08002084                addServices
 .text.updateBpmData
                0x080021b4       0x28 Src\services.o
                0x080021b4                updateBpmData
 .text.updateWeightData
                0x080021dc       0x28 Src\services.o
                0x080021dc                updateWeightData
 .text.updateHumData
                0x08002204       0x28 Src\services.o
                0x08002204                updateHumData
 .text.updateTempData
                0x0800222c       0x28 Src\services.o
                0x0800222c                updateTempData
 .text.Read_Request_CB
                0x08002254       0x98 Src\services.o
                0x08002254                Read_Request_CB
 .text.user_notify
                0x080022ec       0x44 Src\services.o
                0x080022ec                user_notify
 .text.HAL_MspInit
                0x08002330       0x38 Src\stm32f4xx_hal_msp.o
                0x08002330                HAL_MspInit
 .text.NMI_Handler
                0x08002368        0x2 Src\stm32f4xx_it.o
                0x08002368                NMI_Handler
 .text.HardFault_Handler
                0x0800236a        0x2 Src\stm32f4xx_it.o
                0x0800236a                HardFault_Handler
 .text.MemManage_Handler
                0x0800236c        0x2 Src\stm32f4xx_it.o
                0x0800236c                MemManage_Handler
 .text.BusFault_Handler
                0x0800236e        0x2 Src\stm32f4xx_it.o
                0x0800236e                BusFault_Handler
 .text.UsageFault_Handler
                0x08002370        0x2 Src\stm32f4xx_it.o
                0x08002370                UsageFault_Handler
 .text.SVC_Handler
                0x08002372        0x2 Src\stm32f4xx_it.o
                0x08002372                SVC_Handler
 .text.DebugMon_Handler
                0x08002374        0x2 Src\stm32f4xx_it.o
                0x08002374                DebugMon_Handler
 .text.PendSV_Handler
                0x08002376        0x2 Src\stm32f4xx_it.o
                0x08002376                PendSV_Handler
 .text.SysTick_Handler
                0x08002378        0x4 Src\stm32f4xx_it.o
                0x08002378                SysTick_Handler
 .text.EXTI0_IRQHandler
                0x0800237c        0xc Src\stm32f4xx_it.o
                0x0800237c                EXTI0_IRQHandler
 .text.BSP_SPI1_SendRecv
                0x08002388       0x28 Src\stm32f4xx_nucleo_bus.o
                0x08002388                BSP_SPI1_SendRecv
 .text.BSP_GetTick
                0x080023b0        0x4 Src\stm32f4xx_nucleo_bus.o
                0x080023b0                BSP_GetTick
 .text.MX_SPI1_Init
                0x080023b4       0x3c Src\stm32f4xx_nucleo_bus.o
                0x080023b4                MX_SPI1_Init
 .text.BSP_SPI1_Init
                0x080023f0       0xc4 Src\stm32f4xx_nucleo_bus.o
                0x080023f0                BSP_SPI1_Init
 .text.SystemInit
                0x080024b4       0x1c Src\system_stm32f4xx.o
                0x080024b4                SystemInit
 .text.MX_USART2_UART_Init
                0x080024d0       0x38 Src\usart.o
                0x080024d0                MX_USART2_UART_Init
 .text.HAL_UART_MspInit
                0x08002508       0x70 Src\usart.o
                0x08002508                HAL_UART_MspInit
 .text.Reset_Handler
                0x08002578       0x50 startup\startup_stm32f411xe.o
                0x08002578                Reset_Handler
 .text.Default_Handler
                0x080025c8        0x2 startup\startup_stm32f411xe.o
                0x080025c8                RTC_Alarm_IRQHandler
                0x080025c8                EXTI2_IRQHandler
                0x080025c8                SPI4_IRQHandler
                0x080025c8                TIM1_CC_IRQHandler
                0x080025c8                DMA2_Stream5_IRQHandler
                0x080025c8                DMA1_Stream5_IRQHandler
                0x080025c8                PVD_IRQHandler
                0x080025c8                SDIO_IRQHandler
                0x080025c8                TAMP_STAMP_IRQHandler
                0x080025c8                EXTI3_IRQHandler
                0x080025c8                TIM1_UP_TIM10_IRQHandler
                0x080025c8                I2C3_ER_IRQHandler
                0x080025c8                I2C2_EV_IRQHandler
                0x080025c8                DMA1_Stream2_IRQHandler
                0x080025c8                FPU_IRQHandler
                0x080025c8                DMA2_Stream2_IRQHandler
                0x080025c8                SPI1_IRQHandler
                0x080025c8                TIM1_BRK_TIM9_IRQHandler
                0x080025c8                DMA2_Stream3_IRQHandler
                0x080025c8                USART6_IRQHandler
                0x080025c8                DMA2_Stream0_IRQHandler
                0x080025c8                TIM4_IRQHandler
                0x080025c8                I2C1_EV_IRQHandler
                0x080025c8                DMA1_Stream6_IRQHandler
                0x080025c8                DMA1_Stream1_IRQHandler
                0x080025c8                TIM3_IRQHandler
                0x080025c8                RCC_IRQHandler
                0x080025c8                Default_Handler
                0x080025c8                EXTI15_10_IRQHandler
                0x080025c8                ADC_IRQHandler
                0x080025c8                DMA1_Stream7_IRQHandler
                0x080025c8                SPI5_IRQHandler
                0x080025c8                TIM5_IRQHandler
                0x080025c8                DMA2_Stream7_IRQHandler
                0x080025c8                I2C3_EV_IRQHandler
                0x080025c8                EXTI9_5_IRQHandler
                0x080025c8                RTC_WKUP_IRQHandler
                0x080025c8                SPI2_IRQHandler
                0x080025c8                DMA1_Stream0_IRQHandler
                0x080025c8                EXTI4_IRQHandler
                0x080025c8                WWDG_IRQHandler
                0x080025c8                TIM2_IRQHandler
                0x080025c8                OTG_FS_WKUP_IRQHandler
                0x080025c8                TIM1_TRG_COM_TIM11_IRQHandler
                0x080025c8                EXTI1_IRQHandler
                0x080025c8                USART2_IRQHandler
                0x080025c8                I2C2_ER_IRQHandler
                0x080025c8                DMA2_Stream1_IRQHandler
                0x080025c8                FLASH_IRQHandler
                0x080025c8                DMA2_Stream4_IRQHandler
                0x080025c8                USART1_IRQHandler
                0x080025c8                OTG_FS_IRQHandler
                0x080025c8                SPI3_IRQHandler
                0x080025c8                DMA1_Stream4_IRQHandler
                0x080025c8                I2C1_ER_IRQHandler
                0x080025c8                DMA2_Stream6_IRQHandler
                0x080025c8                DMA1_Stream3_IRQHandler
 *fill*         0x080025ca        0x2 
 .text.__libc_init_array
                0x080025cc       0x48 c:/program files (x86)/atollic/truestudio for stm32 9.3.0/armtools/bin/../lib/gcc/arm-atollic-eabi/6.3.1/../../../../arm-atollic-eabi/lib/armv7e-m/fpu\libc_nano.a(lib_a-init.o)
                0x080025cc                __libc_init_array
 .text.memcpy   0x08002614       0x16 c:/program files (x86)/atollic/truestudio for stm32 9.3.0/armtools/bin/../lib/gcc/arm-atollic-eabi/6.3.1/../../../../arm-atollic-eabi/lib/armv7e-m/fpu\libc_nano.a(lib_a-memcpy-stub.o)
                0x08002614                memcpy
 .text.memset   0x0800262a       0x10 c:/program files (x86)/atollic/truestudio for stm32 9.3.0/armtools/bin/../lib/gcc/arm-atollic-eabi/6.3.1/../../../../arm-atollic-eabi/lib/armv7e-m/fpu\libc_nano.a(lib_a-memset.o)
                0x0800262a                memset
 *(.glue_7)
 .glue_7        0x0800263a        0x0 linker stubs
 *(.glue_7t)
 .glue_7t       0x0800263a        0x0 linker stubs
 *(.eh_frame)
 *fill*         0x0800263a        0x2 
 .eh_frame      0x0800263c        0x0 c:/program files (x86)/atollic/truestudio for stm32 9.3.0/armtools/bin/../lib/gcc/arm-atollic-eabi/6.3.1/armv7e-m/fpu/crtbegin.o
 *(.init)
 .init          0x0800263c        0x4 c:/program files (x86)/atollic/truestudio for stm32 9.3.0/armtools/bin/../lib/gcc/arm-atollic-eabi/6.3.1/armv7e-m/fpu/crti.o
                0x0800263c                _init
 .init          0x08002640        0x8 c:/program files (x86)/atollic/truestudio for stm32 9.3.0/armtools/bin/../lib/gcc/arm-atollic-eabi/6.3.1/armv7e-m/fpu/crtn.o
 *(.fini)
 .fini          0x08002648        0x4 c:/program files (x86)/atollic/truestudio for stm32 9.3.0/armtools/bin/../lib/gcc/arm-atollic-eabi/6.3.1/armv7e-m/fpu/crti.o
                0x08002648                _fini
 .fini          0x0800264c        0x8 c:/program files (x86)/atollic/truestudio for stm32 9.3.0/armtools/bin/../lib/gcc/arm-atollic-eabi/6.3.1/armv7e-m/fpu/crtn.o
                0x08002654                . = ALIGN (0x4)
                0x08002654                _etext = .

.vfp11_veneer   0x08002654        0x0
 .vfp11_veneer  0x08002654        0x0 linker stubs

.v4_bx          0x08002654        0x0
 .v4_bx         0x08002654        0x0 linker stubs

.iplt           0x08002654        0x0
 .iplt          0x08002654        0x0 c:/program files (x86)/atollic/truestudio for stm32 9.3.0/armtools/bin/../lib/gcc/arm-atollic-eabi/6.3.1/armv7e-m/fpu/crtbegin.o

.rodata         0x08002654       0x8c
                0x08002654                . = ALIGN (0x4)
 *(.rodata)
 .rodata        0x08002654        0xb Src\app_x-cube-ble1.o
 *(.rodata*)
 .rodata.MX_BlueNRG_MS_Init.str1.1
                0x0800265f        0x5 Src\app_x-cube-ble1.o
 .rodata.bpm_char_uuid
                0x08002664       0x10 Src\services.o
                0x08002664                bpm_char_uuid
 .rodata.health_service_uuid
                0x08002674       0x10 Src\services.o
                0x08002674                health_service_uuid
 .rodata.hum_char_uuid
                0x08002684       0x10 Src\services.o
                0x08002684                hum_char_uuid
 .rodata.temp_char_uuid
                0x08002694       0x10 Src\services.o
                0x08002694                temp_char_uuid
 .rodata.temp_desc_uuid
                0x080026a4        0x2 Src\services.o
                0x080026a4                temp_desc_uuid
 .rodata.weather_service_uuid
                0x080026a6       0x10 Src\services.o
                0x080026a6                weather_service_uuid
 .rodata.weight_char_uuid
                0x080026b6       0x10 Src\services.o
                0x080026b6                weight_char_uuid
 .rodata.AHBPrescTable
                0x080026c6       0x10 Src\system_stm32f4xx.o
                0x080026c6                AHBPrescTable
 .rodata.APBPrescTable
                0x080026d6        0x8 Src\system_stm32f4xx.o
                0x080026d6                APBPrescTable
                0x080026e0                . = ALIGN (0x4)
 *fill*         0x080026de        0x2 

.ARM.extab
 *(.ARM.extab* .gnu.linkonce.armextab.*)

.ARM            0x080026e0        0x8
                0x080026e0                __exidx_start = .
 *(.ARM.exidx*)
 .ARM.exidx     0x080026e0        0x8 c:/program files (x86)/atollic/truestudio for stm32 9.3.0/armtools/bin/../lib/gcc/arm-atollic-eabi/6.3.1/armv7e-m/fpu\libgcc.a(_udivmoddi4.o)
                0x080026e8                __exidx_end = .

.rel.dyn        0x080026e8        0x0
 .rel.iplt      0x080026e8        0x0 c:/program files (x86)/atollic/truestudio for stm32 9.3.0/armtools/bin/../lib/gcc/arm-atollic-eabi/6.3.1/armv7e-m/fpu/crtbegin.o

.preinit_array  0x080026e8        0x0
                0x080026e8                PROVIDE (__preinit_array_start, .)
 *(.preinit_array*)
                0x080026e8                PROVIDE (__preinit_array_end, .)

.init_array     0x080026e8        0x4
                0x080026e8                PROVIDE (__init_array_start, .)
 *(SORT(.init_array.*))
 *(.init_array*)
 .init_array    0x080026e8        0x4 c:/program files (x86)/atollic/truestudio for stm32 9.3.0/armtools/bin/../lib/gcc/arm-atollic-eabi/6.3.1/armv7e-m/fpu/crtbegin.o
                0x080026ec                PROVIDE (__init_array_end, .)

.fini_array     0x080026ec        0x4
                [!provide]                PROVIDE (__fini_array_start, .)
 *(SORT(.fini_array.*))
 *(.fini_array*)
 .fini_array    0x080026ec        0x4 c:/program files (x86)/atollic/truestudio for stm32 9.3.0/armtools/bin/../lib/gcc/arm-atollic-eabi/6.3.1/armv7e-m/fpu/crtbegin.o
                [!provide]                PROVIDE (__fini_array_end, .)
                0x080026f0                _sidata = LOADADDR (.data)

.data           0x20000000       0x1c load address 0x080026f0
                0x20000000                . = ALIGN (0x4)
                0x20000000                _sdata = .
 *(.data)
 *(.data*)
 .data.uwTickFreq
                0x20000000        0x1 Drivers\STM32F4xx_HAL_Driver\Src\stm32f4xx_hal.o
                0x20000000                uwTickFreq
 *fill*         0x20000001        0x3 
 .data.uwTickPrio
                0x20000004        0x4 Drivers\STM32F4xx_HAL_Driver\Src\stm32f4xx_hal.o
                0x20000004                uwTickPrio
 .data.bpm      0x20000008        0x4 Src\services.o
                0x20000008                bpm
 .data.hum      0x2000000c        0x4 Src\services.o
                0x2000000c                hum
 .data.temp     0x20000010        0x4 Src\services.o
                0x20000010                temp
 .data.weight   0x20000014        0x4 Src\services.o
                0x20000014                weight
 .data.SystemCoreClock
                0x20000018        0x4 Src\system_stm32f4xx.o
                0x20000018                SystemCoreClock
                0x2000001c                . = ALIGN (0x4)
                0x2000001c                _edata = .

.igot.plt       0x2000001c        0x0 load address 0x0800270c
 .igot.plt      0x2000001c        0x0 c:/program files (x86)/atollic/truestudio for stm32 9.3.0/armtools/bin/../lib/gcc/arm-atollic-eabi/6.3.1/armv7e-m/fpu/crtbegin.o
                0x2000001c                . = ALIGN (0x4)

.bss            0x2000001c      0x4c8 load address 0x0800270c
                0x2000001c                _sbss = .
                0x2000001c                __bss_start__ = _sbss
 *(.bss)
 .bss           0x2000001c       0x1c c:/program files (x86)/atollic/truestudio for stm32 9.3.0/armtools/bin/../lib/gcc/arm-atollic-eabi/6.3.1/armv7e-m/fpu/crtbegin.o
 *(.bss*)
 .bss.hciContext
                0x20000038       0x20 Middlewares\ST\BlueNRG-MS\hci\hci_tl_patterns\Basic\hci_tl.o
 .bss.hciReadPacketBuffer
                0x20000058      0x2bc Middlewares\ST\BlueNRG-MS\hci\hci_tl_patterns\Basic\hci_tl.o
 .bss.read_char_buf.7857
                0x20000314       0xff Src\hci_tl_interface.o
 *fill*         0x20000413        0x1 
 .bss.connected
                0x20000414        0x4 Src\services.o
                0x20000414                connected
 .bss.connection_handle
                0x20000418        0x2 Src\services.o
                0x20000418                connection_handle
 *fill*         0x2000041a        0x2 
 .bss.SPI1InitCounter
                0x2000041c        0x4 Src\stm32f4xx_nucleo_bus.o
 *(COMMON)
 COMMON         0x20000420        0x4 Drivers\STM32F4xx_HAL_Driver\Src\stm32f4xx_hal.o
                0x20000420                uwTick
 COMMON         0x20000424       0x10 Middlewares\ST\BlueNRG-MS\hci\hci_tl_patterns\Basic\hci_tl.o
                0x20000424                hciReadPktPool
                0x2000042c                hciReadPktRxQueue
 COMMON         0x20000434        0x8 Src\hci_tl_interface.o
                0x20000434                hexti0
 COMMON         0x2000043c        0xe Src\services.o
                0x2000043c                healthServHandle
                0x2000043e                weightCharHandle
                0x20000440                weatherServHandle
                0x20000442                tempCharHandle
                0x20000444                tempDescHandle
                0x20000446                humCharHandle
                0x20000448                bpmCharHandle
 *fill*         0x2000044a        0x2 
 COMMON         0x2000044c       0x58 Src\stm32f4xx_nucleo_bus.o
                0x2000044c                hspi1
 COMMON         0x200004a4       0x40 Src\usart.o
                0x200004a4                huart2
                0x200004e4                . = ALIGN (0x4)
                0x200004e4                _ebss = .
                0x200004e4                __bss_end__ = _ebss

._user_heap_stack
                0x200004e4      0x400 load address 0x0800270c
                0x200004e4                . = ALIGN (0x4)
                0x200004e4                PROVIDE (end, .)
                [!provide]                PROVIDE (_end, .)
                0x200004e4                . = (. + _Min_Heap_Size)
                0x200008e4                . = (. + _Min_Stack_Size)
 *fill*         0x200004e4      0x400 
                0x200008e4                . = ALIGN (0x4)

.memory_b1_text
 *(.mb1text)
 *(.mb1text*)
 *(.mb1rodata)
 *(.mb1rodata*)

/DISCARD/
 libc.a(*)
 libm.a(*)
 libgcc.a(*)

.ARM.attributes
                0x00000000       0x30
 *(.ARM.attributes)
 .ARM.attributes
                0x00000000       0x22 c:/program files (x86)/atollic/truestudio for stm32 9.3.0/armtools/bin/../lib/gcc/arm-atollic-eabi/6.3.1/armv7e-m/fpu/crti.o
 .ARM.attributes
                0x00000022       0x34 c:/program files (x86)/atollic/truestudio for stm32 9.3.0/armtools/bin/../lib/gcc/arm-atollic-eabi/6.3.1/armv7e-m/fpu/crtbegin.o
 .ARM.attributes
                0x00000056       0x39 Drivers\STM32F4xx_HAL_Driver\Src\stm32f4xx_hal.o
 .ARM.attributes
                0x0000008f       0x39 Drivers\STM32F4xx_HAL_Driver\Src\stm32f4xx_hal_cortex.o
 .ARM.attributes
                0x000000c8       0x39 Drivers\STM32F4xx_HAL_Driver\Src\stm32f4xx_hal_exti.o
 .ARM.attributes
                0x00000101       0x39 Drivers\STM32F4xx_HAL_Driver\Src\stm32f4xx_hal_gpio.o
 .ARM.attributes
                0x0000013a       0x39 Drivers\STM32F4xx_HAL_Driver\Src\stm32f4xx_hal_rcc.o
 .ARM.attributes
                0x00000173       0x39 Drivers\STM32F4xx_HAL_Driver\Src\stm32f4xx_hal_spi.o
 .ARM.attributes
                0x000001ac       0x39 Drivers\STM32F4xx_HAL_Driver\Src\stm32f4xx_hal_uart.o
 .ARM.attributes
                0x000001e5       0x39 Middlewares\ST\BlueNRG-MS\hci\controller\bluenrg_gap_aci.o
 .ARM.attributes
                0x0000021e       0x39 Middlewares\ST\BlueNRG-MS\hci\controller\bluenrg_gatt_aci.o
 .ARM.attributes
                0x00000257       0x39 Middlewares\ST\BlueNRG-MS\hci\controller\bluenrg_hal_aci.o
 .ARM.attributes
                0x00000290       0x39 Middlewares\ST\BlueNRG-MS\hci\hci_le.o
 .ARM.attributes
                0x000002c9       0x39 Middlewares\ST\BlueNRG-MS\hci\hci_tl_patterns\Basic\hci_tl.o
 .ARM.attributes
                0x00000302       0x39 Middlewares\ST\BlueNRG-MS\utils\ble_list.o
 .ARM.attributes
                0x0000033b       0x39 Src\app_x-cube-ble1.o
 .ARM.attributes
                0x00000374       0x39 Src\gpio.o
 .ARM.attributes
                0x000003ad       0x39 Src\hci_tl_interface.o
 .ARM.attributes
                0x000003e6       0x39 Src\main.o
 .ARM.attributes
                0x0000041f       0x39 Src\services.o
 .ARM.attributes
                0x00000458       0x39 Src\stm32f4xx_hal_msp.o
 .ARM.attributes
                0x00000491       0x39 Src\stm32f4xx_it.o
 .ARM.attributes
                0x000004ca       0x39 Src\stm32f4xx_nucleo_bus.o
 .ARM.attributes
                0x00000503       0x39 Src\system_stm32f4xx.o
 .ARM.attributes
                0x0000053c       0x39 Src\usart.o
 .ARM.attributes
                0x00000575       0x21 startup\startup_stm32f411xe.o
 .ARM.attributes
                0x00000596       0x34 c:/program files (x86)/atollic/truestudio for stm32 9.3.0/armtools/bin/../lib/gcc/arm-atollic-eabi/6.3.1/../../../../arm-atollic-eabi/lib/armv7e-m/fpu\libc_nano.a(lib_a-init.o)
 .ARM.attributes
                0x000005ca       0x34 c:/program files (x86)/atollic/truestudio for stm32 9.3.0/armtools/bin/../lib/gcc/arm-atollic-eabi/6.3.1/../../../../arm-atollic-eabi/lib/armv7e-m/fpu\libc_nano.a(lib_a-memcpy-stub.o)
 .ARM.attributes
                0x000005fe       0x34 c:/program files (x86)/atollic/truestudio for stm32 9.3.0/armtools/bin/../lib/gcc/arm-atollic-eabi/6.3.1/../../../../arm-atollic-eabi/lib/armv7e-m/fpu\libc_nano.a(lib_a-memset.o)
 .ARM.attributes
                0x00000632       0x22 c:/program files (x86)/atollic/truestudio for stm32 9.3.0/armtools/bin/../lib/gcc/arm-atollic-eabi/6.3.1/armv7e-m/fpu\libgcc.a(_aeabi_uldivmod.o)
 .ARM.attributes
                0x00000654       0x34 c:/program files (x86)/atollic/truestudio for stm32 9.3.0/armtools/bin/../lib/gcc/arm-atollic-eabi/6.3.1/armv7e-m/fpu\libgcc.a(_udivmoddi4.o)
 .ARM.attributes
                0x00000688       0x22 c:/program files (x86)/atollic/truestudio for stm32 9.3.0/armtools/bin/../lib/gcc/arm-atollic-eabi/6.3.1/armv7e-m/fpu\libgcc.a(_dvmd_tls.o)
 .ARM.attributes
                0x000006aa       0x22 c:/program files (x86)/atollic/truestudio for stm32 9.3.0/armtools/bin/../lib/gcc/arm-atollic-eabi/6.3.1/armv7e-m/fpu/crtn.o
OUTPUT(ble-multiple-services-and-chars.elf elf32-littlearm)

.debug_info     0x00000000    0x1d29c
 .debug_info    0x00000000      0x9a8 Drivers\STM32F4xx_HAL_Driver\Src\stm32f4xx_hal.o
 .debug_info    0x000009a8      0xefa Drivers\STM32F4xx_HAL_Driver\Src\stm32f4xx_hal_cortex.o
 .debug_info    0x000018a2      0x5f4 Drivers\STM32F4xx_HAL_Driver\Src\stm32f4xx_hal_exti.o
 .debug_info    0x00001e96      0x7ee Drivers\STM32F4xx_HAL_Driver\Src\stm32f4xx_hal_gpio.o
 .debug_info    0x00002684      0xad7 Drivers\STM32F4xx_HAL_Driver\Src\stm32f4xx_hal_rcc.o
 .debug_info    0x0000315b     0x1de3 Drivers\STM32F4xx_HAL_Driver\Src\stm32f4xx_hal_spi.o
 .debug_info    0x00004f3e     0x16a8 Drivers\STM32F4xx_HAL_Driver\Src\stm32f4xx_hal_uart.o
 .debug_info    0x000065e6     0x3973 Middlewares\ST\BlueNRG-MS\hci\controller\bluenrg_gap_aci.o
 .debug_info    0x00009f59     0x3d22 Middlewares\ST\BlueNRG-MS\hci\controller\bluenrg_gatt_aci.o
 .debug_info    0x0000dc7b     0x1686 Middlewares\ST\BlueNRG-MS\hci\controller\bluenrg_hal_aci.o
 .debug_info    0x0000f301     0x2a59 Middlewares\ST\BlueNRG-MS\hci\hci_le.o
 .debug_info    0x00011d5a     0x18d1 Middlewares\ST\BlueNRG-MS\hci\hci_tl_patterns\Basic\hci_tl.o
 .debug_info    0x0001362b     0x1006 Middlewares\ST\BlueNRG-MS\utils\ble_list.o
 .debug_info    0x00014631     0x122f Src\app_x-cube-ble1.o
 .debug_info    0x00015860      0xc52 Src\gpio.o
 .debug_info    0x000164b2     0x1937 Src\hci_tl_interface.o
 .debug_info    0x00017de9      0xd40 Src\main.o
 .debug_info    0x00018b29     0x176b Src\services.o
 .debug_info    0x0001a294      0x898 Src\stm32f4xx_hal_msp.o
 .debug_info    0x0001ab2c      0x742 Src\stm32f4xx_it.o
 .debug_info    0x0001b26e      0xd6a Src\stm32f4xx_nucleo_bus.o
 .debug_info    0x0001bfd8      0x585 Src\system_stm32f4xx.o
 .debug_info    0x0001c55d      0xcb6 Src\usart.o
 .debug_info    0x0001d213       0x89 startup\startup_stm32f411xe.o

.debug_abbrev   0x00000000     0x377d
 .debug_abbrev  0x00000000      0x264 Drivers\STM32F4xx_HAL_Driver\Src\stm32f4xx_hal.o
 .debug_abbrev  0x00000264      0x314 Drivers\STM32F4xx_HAL_Driver\Src\stm32f4xx_hal_cortex.o
 .debug_abbrev  0x00000578      0x1f0 Drivers\STM32F4xx_HAL_Driver\Src\stm32f4xx_hal_exti.o
 .debug_abbrev  0x00000768      0x1ef Drivers\STM32F4xx_HAL_Driver\Src\stm32f4xx_hal_gpio.o
 .debug_abbrev  0x00000957      0x2cb Drivers\STM32F4xx_HAL_Driver\Src\stm32f4xx_hal_rcc.o
 .debug_abbrev  0x00000c22      0x335 Drivers\STM32F4xx_HAL_Driver\Src\stm32f4xx_hal_spi.o
 .debug_abbrev  0x00000f57      0x322 Drivers\STM32F4xx_HAL_Driver\Src\stm32f4xx_hal_uart.o
 .debug_abbrev  0x00001279      0x295 Middlewares\ST\BlueNRG-MS\hci\controller\bluenrg_gap_aci.o
 .debug_abbrev  0x0000150e      0x28b Middlewares\ST\BlueNRG-MS\hci\controller\bluenrg_gatt_aci.o
 .debug_abbrev  0x00001799      0x248 Middlewares\ST\BlueNRG-MS\hci\controller\bluenrg_hal_aci.o
 .debug_abbrev  0x000019e1      0x286 Middlewares\ST\BlueNRG-MS\hci\hci_le.o
 .debug_abbrev  0x00001c67      0x3f4 Middlewares\ST\BlueNRG-MS\hci\hci_tl_patterns\Basic\hci_tl.o
 .debug_abbrev  0x0000205b      0x2aa Middlewares\ST\BlueNRG-MS\utils\ble_list.o
 .debug_abbrev  0x00002305      0x203 Src\app_x-cube-ble1.o
 .debug_abbrev  0x00002508      0x1c3 Src\gpio.o
 .debug_abbrev  0x000026cb      0x2ac Src\hci_tl_interface.o
 .debug_abbrev  0x00002977      0x202 Src\main.o
 .debug_abbrev  0x00002b79      0x31d Src\services.o
 .debug_abbrev  0x00002e96      0x165 Src\stm32f4xx_hal_msp.o
 .debug_abbrev  0x00002ffb      0x1bc Src\stm32f4xx_it.o
 .debug_abbrev  0x000031b7      0x29c Src\stm32f4xx_nucleo_bus.o
 .debug_abbrev  0x00003453      0x126 Src\system_stm32f4xx.o
 .debug_abbrev  0x00003579      0x1f2 Src\usart.o
 .debug_abbrev  0x0000376b       0x12 startup\startup_stm32f411xe.o

.debug_loc      0x00000000     0x94e6
 .debug_loc     0x00000000      0x12e Drivers\STM32F4xx_HAL_Driver\Src\stm32f4xx_hal.o
 .debug_loc     0x0000012e      0x4fb Drivers\STM32F4xx_HAL_Driver\Src\stm32f4xx_hal_cortex.o
 .debug_loc     0x00000629      0x3d0 Drivers\STM32F4xx_HAL_Driver\Src\stm32f4xx_hal_exti.o
 .debug_loc     0x000009f9      0x337 Drivers\STM32F4xx_HAL_Driver\Src\stm32f4xx_hal_gpio.o
 .debug_loc     0x00000d30      0x346 Drivers\STM32F4xx_HAL_Driver\Src\stm32f4xx_hal_rcc.o
 .debug_loc     0x00001076     0x1830 Drivers\STM32F4xx_HAL_Driver\Src\stm32f4xx_hal_spi.o
 .debug_loc     0x000028a6     0x1350 Drivers\STM32F4xx_HAL_Driver\Src\stm32f4xx_hal_uart.o
 .debug_loc     0x00003bf6     0x1ccf Middlewares\ST\BlueNRG-MS\hci\controller\bluenrg_gap_aci.o
 .debug_loc     0x000058c5     0x2602 Middlewares\ST\BlueNRG-MS\hci\controller\bluenrg_gatt_aci.o
 .debug_loc     0x00007ec7      0x2cb Middlewares\ST\BlueNRG-MS\hci\controller\bluenrg_hal_aci.o
 .debug_loc     0x00008192      0x7bb Middlewares\ST\BlueNRG-MS\hci\hci_le.o
 .debug_loc     0x0000894d      0x417 Middlewares\ST\BlueNRG-MS\hci\hci_tl_patterns\Basic\hci_tl.o
 .debug_loc     0x00008d64      0x110 Middlewares\ST\BlueNRG-MS\utils\ble_list.o
 .debug_loc     0x00008e74       0x2a Src\app_x-cube-ble1.o
 .debug_loc     0x00008e9e      0x16a Src\hci_tl_interface.o
 .debug_loc     0x00009008      0x1e4 Src\services.o
 .debug_loc     0x000091ec      0x186 Src\stm32f4xx_nucleo_bus.o
 .debug_loc     0x00009372      0x11c Src\system_stm32f4xx.o
 .debug_loc     0x0000948e       0x58 Src\usart.o

.debug_aranges  0x00000000      0xd48
 .debug_aranges
                0x00000000       0xe8 Drivers\STM32F4xx_HAL_Driver\Src\stm32f4xx_hal.o
 .debug_aranges
                0x000000e8       0xa8 Drivers\STM32F4xx_HAL_Driver\Src\stm32f4xx_hal_cortex.o
 .debug_aranges
                0x00000190       0x60 Drivers\STM32F4xx_HAL_Driver\Src\stm32f4xx_hal_exti.o
 .debug_aranges
                0x000001f0       0x58 Drivers\STM32F4xx_HAL_Driver\Src\stm32f4xx_hal_gpio.o
 .debug_aranges
                0x00000248       0x88 Drivers\STM32F4xx_HAL_Driver\Src\stm32f4xx_hal_rcc.o
 .debug_aranges
                0x000002d0      0x188 Drivers\STM32F4xx_HAL_Driver\Src\stm32f4xx_hal_spi.o
 .debug_aranges
                0x00000458      0x170 Drivers\STM32F4xx_HAL_Driver\Src\stm32f4xx_hal_uart.o
 .debug_aranges
                0x000005c8      0x168 Middlewares\ST\BlueNRG-MS\hci\controller\bluenrg_gap_aci.o
 .debug_aranges
                0x00000730      0x178 Middlewares\ST\BlueNRG-MS\hci\controller\bluenrg_gatt_aci.o
 .debug_aranges
                0x000008a8       0x68 Middlewares\ST\BlueNRG-MS\hci\controller\bluenrg_hal_aci.o
 .debug_aranges
                0x00000910      0x110 Middlewares\ST\BlueNRG-MS\hci\hci_le.o
 .debug_aranges
                0x00000a20       0x48 Middlewares\ST\BlueNRG-MS\hci\hci_tl_patterns\Basic\hci_tl.o
 .debug_aranges
                0x00000a68       0x78 Middlewares\ST\BlueNRG-MS\utils\ble_list.o
 .debug_aranges
                0x00000ae0       0x28 Src\app_x-cube-ble1.o
 .debug_aranges
                0x00000b08       0x20 Src\gpio.o
 .debug_aranges
                0x00000b28       0x50 Src\hci_tl_interface.o
 .debug_aranges
                0x00000b78       0x30 Src\main.o
 .debug_aranges
                0x00000ba8       0x60 Src\services.o
 .debug_aranges
                0x00000c08       0x20 Src\stm32f4xx_hal_msp.o
 .debug_aranges
                0x00000c28       0x50 Src\stm32f4xx_it.o
 .debug_aranges
                0x00000c78       0x50 Src\stm32f4xx_nucleo_bus.o
 .debug_aranges
                0x00000cc8       0x28 Src\system_stm32f4xx.o
 .debug_aranges
                0x00000cf0       0x30 Src\usart.o
 .debug_aranges
                0x00000d20       0x28 startup\startup_stm32f411xe.o

.debug_ranges   0x00000000      0xed0
 .debug_ranges  0x00000000       0xd8 Drivers\STM32F4xx_HAL_Driver\Src\stm32f4xx_hal.o
 .debug_ranges  0x000000d8      0x128 Drivers\STM32F4xx_HAL_Driver\Src\stm32f4xx_hal_cortex.o
 .debug_ranges  0x00000200       0x50 Drivers\STM32F4xx_HAL_Driver\Src\stm32f4xx_hal_exti.o
 .debug_ranges  0x00000250       0x68 Drivers\STM32F4xx_HAL_Driver\Src\stm32f4xx_hal_gpio.o
 .debug_ranges  0x000002b8       0xb0 Drivers\STM32F4xx_HAL_Driver\Src\stm32f4xx_hal_rcc.o
 .debug_ranges  0x00000368      0x238 Drivers\STM32F4xx_HAL_Driver\Src\stm32f4xx_hal_spi.o
 .debug_ranges  0x000005a0      0x178 Drivers\STM32F4xx_HAL_Driver\Src\stm32f4xx_hal_uart.o
 .debug_ranges  0x00000718      0x158 Middlewares\ST\BlueNRG-MS\hci\controller\bluenrg_gap_aci.o
 .debug_ranges  0x00000870      0x168 Middlewares\ST\BlueNRG-MS\hci\controller\bluenrg_gatt_aci.o
 .debug_ranges  0x000009d8       0x58 Middlewares\ST\BlueNRG-MS\hci\controller\bluenrg_hal_aci.o
 .debug_ranges  0x00000a30      0x100 Middlewares\ST\BlueNRG-MS\hci\hci_le.o
 .debug_ranges  0x00000b30       0xb8 Middlewares\ST\BlueNRG-MS\hci\hci_tl_patterns\Basic\hci_tl.o
 .debug_ranges  0x00000be8       0x68 Middlewares\ST\BlueNRG-MS\utils\ble_list.o
 .debug_ranges  0x00000c50       0x18 Src\app_x-cube-ble1.o
 .debug_ranges  0x00000c68       0x48 Src\gpio.o
 .debug_ranges  0x00000cb0       0x68 Src\hci_tl_interface.o
 .debug_ranges  0x00000d18       0x38 Src\main.o
 .debug_ranges  0x00000d50       0x68 Src\services.o
 .debug_ranges  0x00000db8       0x10 Src\stm32f4xx_hal_msp.o
 .debug_ranges  0x00000dc8       0x40 Src\stm32f4xx_it.o
 .debug_ranges  0x00000e08       0x58 Src\stm32f4xx_nucleo_bus.o
 .debug_ranges  0x00000e60       0x18 Src\system_stm32f4xx.o
 .debug_ranges  0x00000e78       0x38 Src\usart.o
 .debug_ranges  0x00000eb0       0x20 startup\startup_stm32f411xe.o

.debug_line     0x00000000     0x78de
 .debug_line    0x00000000      0x420 Drivers\STM32F4xx_HAL_Driver\Src\stm32f4xx_hal.o
 .debug_line    0x00000420      0x469 Drivers\STM32F4xx_HAL_Driver\Src\stm32f4xx_hal_cortex.o
 .debug_line    0x00000889      0x35f Drivers\STM32F4xx_HAL_Driver\Src\stm32f4xx_hal_exti.o
 .debug_line    0x00000be8      0x3d8 Drivers\STM32F4xx_HAL_Driver\Src\stm32f4xx_hal_gpio.o
 .debug_line    0x00000fc0      0x51a Drivers\STM32F4xx_HAL_Driver\Src\stm32f4xx_hal_rcc.o
 .debug_line    0x000014da      0xb7e Drivers\STM32F4xx_HAL_Driver\Src\stm32f4xx_hal_spi.o
 .debug_line    0x00002058      0xb95 Drivers\STM32F4xx_HAL_Driver\Src\stm32f4xx_hal_uart.o
 .debug_line    0x00002bed      0xa67 Middlewares\ST\BlueNRG-MS\hci\controller\bluenrg_gap_aci.o
 .debug_line    0x00003654      0xb05 Middlewares\ST\BlueNRG-MS\hci\controller\bluenrg_gatt_aci.o
 .debug_line    0x00004159      0x518 Middlewares\ST\BlueNRG-MS\hci\controller\bluenrg_hal_aci.o
 .debug_line    0x00004671      0x829 Middlewares\ST\BlueNRG-MS\hci\hci_le.o
 .debug_line    0x00004e9a      0x4f8 Middlewares\ST\BlueNRG-MS\hci\hci_tl_patterns\Basic\hci_tl.o
 .debug_line    0x00005392      0x459 Middlewares\ST\BlueNRG-MS\utils\ble_list.o
 .debug_line    0x000057eb      0x3d6 Src\app_x-cube-ble1.o
 .debug_line    0x00005bc1      0x2ba Src\gpio.o
 .debug_line    0x00005e7b      0x46a Src\hci_tl_interface.o
 .debug_line    0x000062e5      0x32c Src\main.o
 .debug_line    0x00006611      0x4e1 Src\services.o
 .debug_line    0x00006af2      0x279 Src\stm32f4xx_hal_msp.o
 .debug_line    0x00006d6b      0x2d3 Src\stm32f4xx_it.o
 .debug_line    0x0000703e      0x322 Src\stm32f4xx_nucleo_bus.o
 .debug_line    0x00007360      0x20d Src\system_stm32f4xx.o
 .debug_line    0x0000756d      0x2f2 Src\usart.o
 .debug_line    0x0000785f       0x7f startup\startup_stm32f411xe.o

.debug_str      0x00000000     0x5891
 .debug_str     0x00000000      0xa24 Drivers\STM32F4xx_HAL_Driver\Src\stm32f4xx_hal.o
                                0xa8d (size before relaxing)
 .debug_str     0x00000a24      0x4a8 Drivers\STM32F4xx_HAL_Driver\Src\stm32f4xx_hal_cortex.o
                                0xbba (size before relaxing)
 .debug_str     0x00000ecc      0x20c Drivers\STM32F4xx_HAL_Driver\Src\stm32f4xx_hal_exti.o
                                0x4eb (size before relaxing)
 .debug_str     0x000010d8      0x195 Drivers\STM32F4xx_HAL_Driver\Src\stm32f4xx_hal_gpio.o
                                0x5ea (size before relaxing)
 .debug_str     0x0000126d      0x2f4 Drivers\STM32F4xx_HAL_Driver\Src\stm32f4xx_hal_rcc.o
                                0x7c8 (size before relaxing)
 .debug_str     0x00001561      0x94e Drivers\STM32F4xx_HAL_Driver\Src\stm32f4xx_hal_spi.o
                                0xcc1 (size before relaxing)
 .debug_str     0x00001eaf      0x693 Drivers\STM32F4xx_HAL_Driver\Src\stm32f4xx_hal_uart.o
                                0xd19 (size before relaxing)
 .debug_str     0x00002542     0x1227 Middlewares\ST\BlueNRG-MS\hci\controller\bluenrg_gap_aci.o
                               0x1dc2 (size before relaxing)
 .debug_str     0x00003769      0xc6f Middlewares\ST\BlueNRG-MS\hci\controller\bluenrg_gatt_aci.o
                               0x1c28 (size before relaxing)
 .debug_str     0x000043d8      0x248 Middlewares\ST\BlueNRG-MS\hci\controller\bluenrg_hal_aci.o
                                0xef6 (size before relaxing)
 .debug_str     0x00004620      0x7ac Middlewares\ST\BlueNRG-MS\hci\hci_le.o
                               0x173c (size before relaxing)
 .debug_str     0x00004dcc      0x2d3 Middlewares\ST\BlueNRG-MS\hci\hci_tl_patterns\Basic\hci_tl.o
                                0xf26 (size before relaxing)
 .debug_str     0x0000509f       0xf3 Middlewares\ST\BlueNRG-MS\utils\ble_list.o
                                0x84e (size before relaxing)
 .debug_str     0x00005192      0x15a Src\app_x-cube-ble1.o
                                0xd88 (size before relaxing)
 .debug_str     0x000052ec       0x1b Src\gpio.o
                                0xca0 (size before relaxing)
 .debug_str     0x00005307       0xfa Src\hci_tl_interface.o
                               0x12ab (size before relaxing)
 .debug_str     0x00005401       0x4f Src\main.o
                                0xb75 (size before relaxing)
 .debug_str     0x00005450      0x277 Src\services.o
                                0xfa9 (size before relaxing)
 .debug_str     0x000056c7       0x1b Src\stm32f4xx_hal_msp.o
                                0x843 (size before relaxing)
 .debug_str     0x000056e2       0xb7 Src\stm32f4xx_it.o
                                0x7de (size before relaxing)
 .debug_str     0x00005799       0x99 Src\stm32f4xx_nucleo_bus.o
                                0x9f8 (size before relaxing)
 .debug_str     0x00005832       0x45 Src\system_stm32f4xx.o
                                0x44e (size before relaxing)
 .debug_str     0x00005877       0x1a Src\usart.o
                                0xaa2 (size before relaxing)

.comment        0x00000000       0x7c
 .comment       0x00000000       0x7c Drivers\STM32F4xx_HAL_Driver\Src\stm32f4xx_hal.o
                                 0x7d (size before relaxing)
 .comment       0x0000007c       0x7d Drivers\STM32F4xx_HAL_Driver\Src\stm32f4xx_hal_cortex.o
 .comment       0x0000007c       0x7d Drivers\STM32F4xx_HAL_Driver\Src\stm32f4xx_hal_exti.o
 .comment       0x0000007c       0x7d Drivers\STM32F4xx_HAL_Driver\Src\stm32f4xx_hal_gpio.o
 .comment       0x0000007c       0x7d Drivers\STM32F4xx_HAL_Driver\Src\stm32f4xx_hal_rcc.o
 .comment       0x0000007c       0x7d Drivers\STM32F4xx_HAL_Driver\Src\stm32f4xx_hal_spi.o
 .comment       0x0000007c       0x7d Drivers\STM32F4xx_HAL_Driver\Src\stm32f4xx_hal_uart.o
 .comment       0x0000007c       0x7d Middlewares\ST\BlueNRG-MS\hci\controller\bluenrg_gap_aci.o
 .comment       0x0000007c       0x7d Middlewares\ST\BlueNRG-MS\hci\controller\bluenrg_gatt_aci.o
 .comment       0x0000007c       0x7d Middlewares\ST\BlueNRG-MS\hci\controller\bluenrg_hal_aci.o
 .comment       0x0000007c       0x7d Middlewares\ST\BlueNRG-MS\hci\hci_le.o
 .comment       0x0000007c       0x7d Middlewares\ST\BlueNRG-MS\hci\hci_tl_patterns\Basic\hci_tl.o
 .comment       0x0000007c       0x7d Middlewares\ST\BlueNRG-MS\utils\ble_list.o
 .comment       0x0000007c       0x7d Src\app_x-cube-ble1.o
 .comment       0x0000007c       0x7d Src\gpio.o
 .comment       0x0000007c       0x7d Src\hci_tl_interface.o
 .comment       0x0000007c       0x7d Src\main.o
 .comment       0x0000007c       0x7d Src\services.o
 .comment       0x0000007c       0x7d Src\stm32f4xx_hal_msp.o
 .comment       0x0000007c       0x7d Src\stm32f4xx_it.o
 .comment       0x0000007c       0x7d Src\stm32f4xx_nucleo_bus.o
 .comment       0x0000007c       0x7d Src\system_stm32f4xx.o
 .comment       0x0000007c       0x7d Src\usart.o

.debug_frame    0x00000000     0x27f8
 .debug_frame   0x00000000      0x1f4 Drivers\STM32F4xx_HAL_Driver\Src\stm32f4xx_hal.o
 .debug_frame   0x000001f4      0x158 Drivers\STM32F4xx_HAL_Driver\Src\stm32f4xx_hal_cortex.o
 .debug_frame   0x0000034c       0xc0 Drivers\STM32F4xx_HAL_Driver\Src\stm32f4xx_hal_exti.o
 .debug_frame   0x0000040c       0xd8 Drivers\STM32F4xx_HAL_Driver\Src\stm32f4xx_hal_gpio.o
 .debug_frame   0x000004e4      0x13c Drivers\STM32F4xx_HAL_Driver\Src\stm32f4xx_hal_rcc.o
 .debug_frame   0x00000620      0x574 Drivers\STM32F4xx_HAL_Driver\Src\stm32f4xx_hal_spi.o
 .debug_frame   0x00000b94      0x4a0 Drivers\STM32F4xx_HAL_Driver\Src\stm32f4xx_hal_uart.o
 .debug_frame   0x00001034      0x534 Middlewares\ST\BlueNRG-MS\hci\controller\bluenrg_gap_aci.o
 .debug_frame   0x00001568      0x598 Middlewares\ST\BlueNRG-MS\hci\controller\bluenrg_gatt_aci.o
 .debug_frame   0x00001b00      0x154 Middlewares\ST\BlueNRG-MS\hci\controller\bluenrg_hal_aci.o
 .debug_frame   0x00001c54      0x42c Middlewares\ST\BlueNRG-MS\hci\hci_le.o
 .debug_frame   0x00002080       0xd8 Middlewares\ST\BlueNRG-MS\hci\hci_tl_patterns\Basic\hci_tl.o
 .debug_frame   0x00002158       0xe8 Middlewares\ST\BlueNRG-MS\utils\ble_list.o
 .debug_frame   0x00002240       0x4c Src\app_x-cube-ble1.o
 .debug_frame   0x0000228c       0x34 Src\gpio.o
 .debug_frame   0x000022c0       0xf0 Src\hci_tl_interface.o
 .debug_frame   0x000023b0       0x58 Src\main.o
 .debug_frame   0x00002408       0xec Src\services.o
 .debug_frame   0x000024f4       0x28 Src\stm32f4xx_hal_msp.o
 .debug_frame   0x0000251c       0xb0 Src\stm32f4xx_it.o
 .debug_frame   0x000025cc       0xc0 Src\stm32f4xx_nucleo_bus.o
 .debug_frame   0x0000268c       0x38 Src\system_stm32f4xx.o
 .debug_frame   0x000026c4       0x60 Src\usart.o
 .debug_frame   0x00002724       0x2c c:/program files (x86)/atollic/truestudio for stm32 9.3.0/armtools/bin/../lib/gcc/arm-atollic-eabi/6.3.1/../../../../arm-atollic-eabi/lib/armv7e-m/fpu\libc_nano.a(lib_a-init.o)
 .debug_frame   0x00002750       0x28 c:/program files (x86)/atollic/truestudio for stm32 9.3.0/armtools/bin/../lib/gcc/arm-atollic-eabi/6.3.1/../../../../arm-atollic-eabi/lib/armv7e-m/fpu\libc_nano.a(lib_a-memcpy-stub.o)
 .debug_frame   0x00002778       0x20 c:/program files (x86)/atollic/truestudio for stm32 9.3.0/armtools/bin/../lib/gcc/arm-atollic-eabi/6.3.1/../../../../arm-atollic-eabi/lib/armv7e-m/fpu\libc_nano.a(lib_a-memset.o)
 .debug_frame   0x00002798       0x2c c:/program files (x86)/atollic/truestudio for stm32 9.3.0/armtools/bin/../lib/gcc/arm-atollic-eabi/6.3.1/armv7e-m/fpu\libgcc.a(_aeabi_uldivmod.o)
 .debug_frame   0x000027c4       0x34 c:/program files (x86)/atollic/truestudio for stm32 9.3.0/armtools/bin/../lib/gcc/arm-atollic-eabi/6.3.1/armv7e-m/fpu\libgcc.a(_udivmoddi4.o)
